11:32:20 **** Incremental Build of configuration Debug for project uc_ss26_v1-c ****
make -j12 all 
arm-none-eabi-gcc "../Core/Src/main.c" -mcpu=cortex-m4 -std=gnu11 -g3 -DDEBUG -DUSE_HAL_DRIVER -DSTM32L432xx -c -I../Core/Inc -I../Drivers/STM32L4xx_HAL_Driver/Inc -I../Drivers/STM32L4xx_HAL_Driver/Inc/Legacy -I../Drivers/CMSIS/Device/ST/STM32L4xx/Include -I../Drivers/CMSIS/Include -O0 -ffunction-sections -fdata-sections -Wall -fstack-usage -fcyclomatic-complexity -MMD -MP -MF"Core/Src/main.d" -MT"Core/Src/main.o" --specs=nano.specs -mfpu=fpv4-sp-d16 -mfloat-abi=hard -mthumb -o "Core/Src/main.o"
arm-none-eabi-gcc -o "uc_ss26_v1-c.elf" @"objects.list"   -mcpu=cortex-m4 -T"C:\Users\student\Desktop\Privat\V1.1\uc_ss26_v1-c\STM32L432KCUX_FLASH.ld" --specs=nosys.specs -Wl,-Map="uc_ss26_v1-c.map" -Wl,--gc-sections -static -Wl,--no-warn-rwx-segment --specs=nano.specs -mfpu=fpv4-sp-d16 -mfloat-abi=hard -mthumb -Wl,--start-group -lc -lm -Wl,--end-group
Finished building target: uc_ss26_v1-c.elf
 
arm-none-eabi-size  uc_ss26_v1-c.elf 
arm-none-eabi-objdump -h -S uc_ss26_v1-c.elf  > "uc_ss26_v1-c.list"
   text	   data	    bss	    dec	    hex	filename
   6708	     20	   1572	   8300	   206c	uc_ss26_v1-c.elf
Finished building: default.size.stdout
 
Finished building: uc_ss26_v1-c.list
 

11:32:22 Build Finished. 0 errors, 0 warnings. (took 1s.464ms)

